
 RUN  v4.0.16 D:/pendingsystem

 Γ¥» src/test/SearchResultsView.test.tsx (42 tests | 21 failed) 1727ms
     Γ£ô matches rows by restored 'baseId' field 274ms
     Γ£ô matches rows by restored 'trackingId' field 53ms
     Γ£ô matches rows by restored 'requester' field 40ms
     Γ£ô matches rows by restored 'noteContent' field 24ms
     Γ£ô matches rows by restored 'noteHistory' field 38ms
     Γ£ô matches rows by restored 'actionNote' field 18ms
     Γ£ô matches rows by restored 'bookingDate' field 15ms
     Γ£ô matches rows by restored 'bookingNote' field 33ms
     Γ£ô matches rows by restored 'archiveReason' field 30ms
     Γ£ô matches rows by restored 'rDate' field 65ms
     Γ£ô keeps AND semantics when a query mixes existing and restored fields 20ms
     Γ£ô treats missing restored fields as empty strings without producing false matches 115ms
     Γ£ô does not inject pendingsystem into rows with an empty company field 15ms
     Γ£ô wires the header checkbox to filtered select-all and clear-all 131ms
     ├ù enables bulk actions only after the grid emits selectionChanged 105ms
     ├ù sets the header checkbox state to indeterminate for partial visible selection 25ms
     ├ù recomputes the header checkbox state from visible rows on model updates 48ms
     ├ù filter prunes selection count and prevents hidden rows from reaching bulk actions 18ms
     ├ù clears the stored grid API state when the grid is destroyed 67ms
     Γ£ô moves a main VIN group to call when the last part becomes Arrived 28ms
     ├ù opens bulk booking with selected rows and without the removed bookingOnly prop 35ms
     ├ù prints reservation labels for selected search rows without mutating orders 22ms
     ├ù books all selected rows and closes the modal on confirm 16ms
     ├ù blank status omits bookingStatus but writes noteHistory 72ms
     ├ù explicit status includes bookingStatus alongside noteHistory 19ms
     ├ù shows a booking error toast and keeps the modal open when any booking save fails 32ms
     ├ù archives legacy notes by seeding from effective note history 17ms
     ├ù does not revive legacy notes when noteHistory was explicitly cleared 20ms
     ├ù keeps the booking action disabled for mixed-source selections 16ms
     ├ù keeps reserve enabled for mixed-source selections while booking stays disabled 17ms
     Γ£ô normalizes explicit Main Sheet stage input before saving modal updates 28ms
     ├ù logs and falls back to the selected stage when an explicit stage is invalid 11ms
     ├ù falls back to main when no stage context is available 24ms
     Γ£ô moves an orders VIN group to call when the last part becomes Arrived 17ms
     Γ£ô only saves the edited status when the VIN group is still incomplete 14ms
     Γ£ô only saves the edited status for non-eligible stages 21ms
     Γ£ô stops after a save failure and never attempts auto-move 35ms
     Γ£ô shows a contextual error toast when the VIN auto-move fails 28ms
       ├ù orders rows missing part data -> booking shows Orders error toast and no save 26ms
       ├ù orders rows missing part data -> Call List shows Orders error toast and no bulk stage mutation 11ms
       ├ù non-orders rows missing part data -> booking bypasses guard 57ms
       ├ù non-orders rows missing part data -> Call List bypasses guard 12ms

 Test Files  1 failed (1)
      Tests  21 failed | 21 passed (42)
   Start at  14:01:39
   Duration  18.83s (transform 3.45s, setup 919ms, import 5.55s, tests 1.73s, environment 8.55s)

